interactions:
- request:
    body: null
    headers:
      Accept: [application/json]
    method: GET
    uri: http://teamcity.jetbrains.com/guestAuth/app/rest/changes
  response:
    body: {string: !!python/unicode "<html>\r\n<head><title>301 Moved Permanently</title></head>\r\n<body
        bgcolor=\"white\">\r\n<center><h1>301 Moved Permanently</h1></center>\r\n<hr><center>nginx</center>\r\n</body>\r\n</html>\r\n"}
    headers:
      connection: [keep-alive]
      content-length: ['178']
      content-type: [text/html]
      date: ['Sun, 07 Jun 2015 10:19:39 GMT']
      location: ['https://teamcity.jetbrains.com/guestAuth/app/rest/changes']
      server: [nginx]
    status: {code: 301, message: Moved Permanently}
- request:
    body: null
    headers:
      Accept: [application/json]
    method: GET
    uri: https://teamcity.jetbrains.com/guestAuth/app/rest/changes
  response:
    body: {string: !!python/unicode '{"nextHref":"/guestAuth/app/rest/changes?locator=count:100,start:100","href":"/guestAuth/app/rest/changes","count":100,"change":[{"id":1765677,"version":"016c797cd5a403e540e2a0a01464e7f38b553e36","username":"kirill.likhodedov","date":"20150607T122551+0300","href":"/guestAuth/app/rest/changes/id:1765677","webUrl":"https://teamcity.jetbrains.com/viewModification.html?modId=1765677&personal=false"},{"id":1765676,"version":"2c79be9e0a9f8aa481c9cd0a561a1c91bd707554","username":"b.rasmusson","date":"20150607T101534+0300","href":"/guestAuth/app/rest/changes/id:1765676","webUrl":"https://teamcity.jetbrains.com/viewModification.html?modId=1765676&personal=false"},{"id":1765675,"version":"19801f29ceed3e3fad3fd9fe52fd112e7cf84c7a","username":"b.rasmusson","date":"20150607T111628+0300","href":"/guestAuth/app/rest/changes/id:1765675","webUrl":"https://teamcity.jetbrains.com/viewModification.html?modId=1765675&personal=false"},{"id":1765674,"version":"95bcefacbc5f9b6ac0800ad738f5f4e8b1088813","username":"b.rasmusson","date":"20150607T102655+0300","href":"/guestAuth/app/rest/changes/id:1765674","webUrl":"https://teamcity.jetbrains.com/viewModification.html?modId=1765674&personal=false"},{"id":1765673,"version":"9f60aa0d57f15d153c13d7980096a1d2a4e421a3","username":"smiller","date":"20150605T194850+0300","href":"/guestAuth/app/rest/changes/id:1765673","webUrl":"https://teamcity.jetbrains.com/viewModification.html?modId=1765673&personal=false"},{"id":1765672,"version":"673039441510eec2ffbf2fc38ca419aca1a587ab","username":"b.rasmusson","date":"20150607T110317+0300","href":"/guestAuth/app/rest/changes/id:1765672","webUrl":"https://teamcity.jetbrains.com/viewModification.html?modId=1765672&personal=false"},{"id":1765671,"version":"4fd01ffd274db07c974544eae09c68e86f9f8e33","username":"pdswan","date":"20150520T153826+0300","href":"/guestAuth/app/rest/changes/id:1765671","webUrl":"https://teamcity.jetbrains.com/viewModification.html?modId=1765671&personal=false"},{"id":1765670,"version":"447ae5106477c4b8a1d07a4b18ac14f2abcee4e8","username":"pdswan","date":"20150520T055023+0300","href":"/guestAuth/app/rest/changes/id:1765670","webUrl":"https://teamcity.jetbrains.com/viewModification.html?modId=1765670&personal=false"},{"id":1765669,"version":"77e36edf8edbf70ffe82bb7ea8edb14a5dbe3fae","username":"yong.christopher.tang","date":"20150607T112704+0300","href":"/guestAuth/app/rest/changes/id:1765669","webUrl":"https://teamcity.jetbrains.com/viewModification.html?modId=1765669&personal=false"},{"id":1765667,"version":"999c865bc069f580470819f5c95e4d76bd2b68a2","username":"charliepoole","date":"20150607T110047+0300","href":"/guestAuth/app/rest/changes/id:1765667","webUrl":"https://teamcity.jetbrains.com/viewModification.html?modId=1765667&personal=false"},{"id":1765666,"version":"c73d5791130a93bf2b333db5ad12c354d184ca5b","username":"charliepoole","date":"20150607T105032+0300","href":"/guestAuth/app/rest/changes/id:1765666","webUrl":"https://teamcity.jetbrains.com/viewModification.html?modId=1765666&personal=false"},{"id":1765658,"version":"44050c0c8818f50116438fc95c252da705fb8f2b","username":"julien","date":"20150607T051810+0300","href":"/guestAuth/app/rest/changes/id:1765658","webUrl":"https://teamcity.jetbrains.com/viewModification.html?modId=1765658&personal=false"},{"id":1765653,"version":"8d010f261e0cf52403cb0399e15e0c74b9c5e429","username":"yan.zhulanow","date":"20150607T025720+0300","href":"/guestAuth/app/rest/changes/id:1765653","webUrl":"https://teamcity.jetbrains.com/viewModification.html?modId=1765653&personal=false"},{"id":1765652,"version":"32a074b4756199f7f5285b9678ffc68da45e876b","username":"yan.zhulanow","date":"20150607T025232+0300","href":"/guestAuth/app/rest/changes/id:1765652","webUrl":"https://teamcity.jetbrains.com/viewModification.html?modId=1765652&personal=false"},{"id":1765644,"version":"2fae9d1fa620b1363aed9fdafadafad793363829","username":"kurbatsky","date":"20150606T232341+0300","href":"/guestAuth/app/rest/changes/id:1765644","webUrl":"https://teamcity.jetbrains.com/viewModification.html?modId=1765644&personal=false"},{"id":1765639,"version":"66903d4dc4ffe23e11e9874e5ffb9d0dc872cce7","username":"julien","date":"20150606T180610+0300","href":"/guestAuth/app/rest/changes/id:1765639","webUrl":"https://teamcity.jetbrains.com/viewModification.html?modId=1765639&personal=false"},{"id":1765638,"version":"674fe163f3811ceaac0c4ad6f815d62fd7c2511d","username":"cedric","date":"20150606T180129+0300","href":"/guestAuth/app/rest/changes/id:1765638","webUrl":"https://teamcity.jetbrains.com/viewModification.html?modId=1765638&personal=false"},{"id":1765636,"version":"674fe163f3811ceaac0c4ad6f815d62fd7c2511d","username":"cedric","date":"20150606T180129+0300","href":"/guestAuth/app/rest/changes/id:1765636","webUrl":"https://teamcity.jetbrains.com/viewModification.html?modId=1765636&personal=false"},{"id":1765635,"version":"747891739f32bf57c2082d7750c545da1ad9c324","username":"maxim.mossienko","date":"20150606T173401+0300","href":"/guestAuth/app/rest/changes/id:1765635","webUrl":"https://teamcity.jetbrains.com/viewModification.html?modId=1765635&personal=false"},{"id":1765634,"version":"9cbc3aea903edbbb94ec1e4eef5fd23af65ab93c","username":"cedric","date":"20150606T173856+0300","href":"/guestAuth/app/rest/changes/id:1765634","webUrl":"https://teamcity.jetbrains.com/viewModification.html?modId=1765634&personal=false"},{"id":1765633,"version":"9cbc3aea903edbbb94ec1e4eef5fd23af65ab93c","username":"cedric","date":"20150606T173856+0300","href":"/guestAuth/app/rest/changes/id:1765633","webUrl":"https://teamcity.jetbrains.com/viewModification.html?modId=1765633&personal=false"},{"id":1765628,"version":"520df6af1a7af3afcce101758ec9932a62c7a1f7","username":"rob","date":"20150606T145633+0300","href":"/guestAuth/app/rest/changes/id:1765628","webUrl":"https://teamcity.jetbrains.com/viewModification.html?modId=1765628&personal=false"},{"id":1765624,"version":"c3615b14be7819c622ab080054660bdec4110eb9","username":"valentin","date":"20150605T214947+0300","href":"/guestAuth/app/rest/changes/id:1765624","webUrl":"https://teamcity.jetbrains.com/viewModification.html?modId=1765624&personal=false"},{"id":1765623,"version":"19884c8f6201bd5fc5af5fb024efaf67285f9051","username":"julien","date":"20150606T130939+0300","href":"/guestAuth/app/rest/changes/id:1765623","webUrl":"https://teamcity.jetbrains.com/viewModification.html?modId=1765623&personal=false"},{"id":1765622,"version":"876e906850694b9421ac20a06c4f5e6b9fb3cf00","username":"oleg.shpynov@jetbrains.com","date":"20150606T125640+0300","href":"/guestAuth/app/rest/changes/id:1765622","webUrl":"https://teamcity.jetbrains.com/viewModification.html?modId=1765622&personal=false"},{"id":1765621,"version":"876e906850694b9421ac20a06c4f5e6b9fb3cf00","username":"oleg.shpynov","date":"20150606T125640+0300","href":"/guestAuth/app/rest/changes/id:1765621","webUrl":"https://teamcity.jetbrains.com/viewModification.html?modId=1765621&personal=false"},{"id":1765618,"version":"59fc3d039d46baf3167011207dafc94aaf27b084","username":"charliepoole","date":"20150606T123030+0300","href":"/guestAuth/app/rest/changes/id:1765618","webUrl":"https://teamcity.jetbrains.com/viewModification.html?modId=1765618&personal=false"},{"id":1765617,"version":"bc342e4c3f58a32cd2a473a98d1fe3ec4e5f38e9","username":"charliepoole","date":"20150606T122531+0300","href":"/guestAuth/app/rest/changes/id:1765617","webUrl":"https://teamcity.jetbrains.com/viewModification.html?modId=1765617&personal=false"},{"id":1765614,"version":"52bfbab518ea126318e61f69f41b8637a55c6091","username":"oleg.shpynov@jetbrains.com","date":"20150606T120947+0300","href":"/guestAuth/app/rest/changes/id:1765614","webUrl":"https://teamcity.jetbrains.com/viewModification.html?modId=1765614&personal=false"},{"id":1765613,"version":"171eba2fa8710c9c8d0d8baaaefbbc34dd1caf16","username":"oleg.shpynov@jetbrains.com","date":"20150606T120337+0300","href":"/guestAuth/app/rest/changes/id:1765613","webUrl":"https://teamcity.jetbrains.com/viewModification.html?modId=1765613&personal=false"},{"id":1765612,"version":"6400e6cfa4f9b549cb9b910a56c65edf9ee51549","username":"oleg.shpynov@jetbrains.com","date":"20150606T120115+0300","href":"/guestAuth/app/rest/changes/id:1765612","webUrl":"https://teamcity.jetbrains.com/viewModification.html?modId=1765612&personal=false"},{"id":1765611,"version":"4540fb0135c340f4123ab4f01dc083a7fbdbfe34","username":"oleg.shpynov@jetbrains.com","date":"20150606T103501+0300","href":"/guestAuth/app/rest/changes/id:1765611","webUrl":"https://teamcity.jetbrains.com/viewModification.html?modId=1765611&personal=false"},{"id":1765610,"version":"f2422d5721cb7f9b4664116b4cc7dedc79772a09","username":"oleg.shpynov@jetbrains.com","date":"20150606T103438+0300","href":"/guestAuth/app/rest/changes/id:1765610","webUrl":"https://teamcity.jetbrains.com/viewModification.html?modId=1765610&personal=false"},{"id":1765609,"version":"578cec232a7166e687799a37824857ae5238cfb8","username":"oleg.shpynov@jetbrains.com","date":"20150606T102553+0300","href":"/guestAuth/app/rest/changes/id:1765609","webUrl":"https://teamcity.jetbrains.com/viewModification.html?modId=1765609&personal=false"},{"id":1765608,"version":"ba8266cf6babf54f1e94bbb8580a46c5e59a19dd","username":"oleg.shpynov@jetbrains.com","date":"20150606T095015+0300","href":"/guestAuth/app/rest/changes/id:1765608","webUrl":"https://teamcity.jetbrains.com/viewModification.html?modId=1765608&personal=false"},{"id":1765607,"version":"52bfbab518ea126318e61f69f41b8637a55c6091","username":"oleg.shpynov","date":"20150606T120947+0300","href":"/guestAuth/app/rest/changes/id:1765607","webUrl":"https://teamcity.jetbrains.com/viewModification.html?modId=1765607&personal=false"},{"id":1765606,"version":"171eba2fa8710c9c8d0d8baaaefbbc34dd1caf16","username":"oleg.shpynov","date":"20150606T120337+0300","href":"/guestAuth/app/rest/changes/id:1765606","webUrl":"https://teamcity.jetbrains.com/viewModification.html?modId=1765606&personal=false"},{"id":1765605,"version":"6400e6cfa4f9b549cb9b910a56c65edf9ee51549","username":"oleg.shpynov","date":"20150606T120115+0300","href":"/guestAuth/app/rest/changes/id:1765605","webUrl":"https://teamcity.jetbrains.com/viewModification.html?modId=1765605&personal=false"},{"id":1765604,"version":"4540fb0135c340f4123ab4f01dc083a7fbdbfe34","username":"oleg.shpynov","date":"20150606T103501+0300","href":"/guestAuth/app/rest/changes/id:1765604","webUrl":"https://teamcity.jetbrains.com/viewModification.html?modId=1765604&personal=false"},{"id":1765603,"version":"f2422d5721cb7f9b4664116b4cc7dedc79772a09","username":"oleg.shpynov","date":"20150606T103438+0300","href":"/guestAuth/app/rest/changes/id:1765603","webUrl":"https://teamcity.jetbrains.com/viewModification.html?modId=1765603&personal=false"},{"id":1765602,"version":"578cec232a7166e687799a37824857ae5238cfb8","username":"oleg.shpynov","date":"20150606T102553+0300","href":"/guestAuth/app/rest/changes/id:1765602","webUrl":"https://teamcity.jetbrains.com/viewModification.html?modId=1765602&personal=false"},{"id":1765601,"version":"ba8266cf6babf54f1e94bbb8580a46c5e59a19dd","username":"oleg.shpynov","date":"20150606T095015+0300","href":"/guestAuth/app/rest/changes/id:1765601","webUrl":"https://teamcity.jetbrains.com/viewModification.html?modId=1765601&personal=false"},{"id":1765600,"version":"0cb2348b2f458221151f5ae23e6203399bb023ca","username":"valentin","date":"20150605T204947+0300","href":"/guestAuth/app/rest/changes/id:1765600","webUrl":"https://teamcity.jetbrains.com/viewModification.html?modId=1765600&personal=false"},{"id":1765599,"version":"0cb2348b2f458221151f5ae23e6203399bb023ca","username":"valentin","date":"20150605T204947+0300","href":"/guestAuth/app/rest/changes/id:1765599","webUrl":"https://teamcity.jetbrains.com/viewModification.html?modId=1765599&personal=false"},{"id":1765598,"version":"0cb2348b2f458221151f5ae23e6203399bb023ca","username":"valentin","date":"20150605T204947+0300","href":"/guestAuth/app/rest/changes/id:1765598","webUrl":"https://teamcity.jetbrains.com/viewModification.html?modId=1765598&personal=false"},{"id":1765597,"version":"0cb2348b2f458221151f5ae23e6203399bb023ca","username":"valentin","date":"20150605T204947+0300","href":"/guestAuth/app/rest/changes/id:1765597","webUrl":"https://teamcity.jetbrains.com/viewModification.html?modId=1765597&personal=false"},{"id":1765596,"version":"0cb2348b2f458221151f5ae23e6203399bb023ca","username":"valentin","date":"20150605T204947+0300","href":"/guestAuth/app/rest/changes/id:1765596","webUrl":"https://teamcity.jetbrains.com/viewModification.html?modId=1765596&personal=false"},{"id":1765595,"version":"0cb2348b2f458221151f5ae23e6203399bb023ca","username":"valentin","date":"20150605T204947+0300","href":"/guestAuth/app/rest/changes/id:1765595","webUrl":"https://teamcity.jetbrains.com/viewModification.html?modId=1765595&personal=false"},{"id":1765594,"version":"c3615b14be7819c622ab080054660bdec4110eb9","username":"valentin","date":"20150605T214947+0300","href":"/guestAuth/app/rest/changes/id:1765594","webUrl":"https://teamcity.jetbrains.com/viewModification.html?modId=1765594&personal=false"},{"id":1765593,"version":"0cb2348b2f458221151f5ae23e6203399bb023ca","username":"valentin","date":"20150605T204947+0300","href":"/guestAuth/app/rest/changes/id:1765593","webUrl":"https://teamcity.jetbrains.com/viewModification.html?modId=1765593&personal=false"},{"id":1765585,"version":"c1d03d7956cf6641cf6e2907255d2bb1e8eb309d","username":"anandj82","date":"20150606T080016+0300","href":"/guestAuth/app/rest/changes/id:1765585","webUrl":"https://teamcity.jetbrains.com/viewModification.html?modId=1765585&personal=false"},{"id":1765584,"version":"4fa882014b5ebb56ae43d793b96af340736dab5b","username":"anandj82","date":"20150603T085131+0300","href":"/guestAuth/app/rest/changes/id:1765584","webUrl":"https://teamcity.jetbrains.com/viewModification.html?modId=1765584&personal=false"},{"id":1765583,"version":"0645c1b333dc0e1f1fd08771e26cdd68dc4a1dc4","username":"mail","date":"20150606T071119+0300","href":"/guestAuth/app/rest/changes/id:1765583","webUrl":"https://teamcity.jetbrains.com/viewModification.html?modId=1765583&personal=false"},{"id":1765582,"version":"c0d6a0026a611f2cc6fd116cd3fc532b4aed56c6","username":"felipe
        tanus","date":"20150604T044044+0300","href":"/guestAuth/app/rest/changes/id:1765582","webUrl":"https://teamcity.jetbrains.com/viewModification.html?modId=1765582&personal=false"},{"id":1765561,"version":"d49aa127f4f0b48a43724889823694824465ccac","username":"alexey.sedunov","date":"20150603T180201+0300","href":"/guestAuth/app/rest/changes/id:1765561","webUrl":"https://teamcity.jetbrains.com/viewModification.html?modId=1765561&personal=false"},{"id":1765560,"version":"4f06d90e8ba2591c93649bf9bcf02f0c5c757c70","username":"alexey.sedunov","date":"20150606T024020+0300","href":"/guestAuth/app/rest/changes/id:1765560","webUrl":"https://teamcity.jetbrains.com/viewModification.html?modId=1765560&personal=false"},{"id":1765559,"version":"d2b75e0417c94a8d5299b6aae8c32a7cf81f0e9b","username":"alexey.sedunov","date":"20150606T021019+0300","href":"/guestAuth/app/rest/changes/id:1765559","webUrl":"https://teamcity.jetbrains.com/viewModification.html?modId=1765559&personal=false"},{"id":1765558,"version":"4731b99f4cba6f367cda62b34bdcd2157f145785","username":"alexey.sedunov","date":"20150605T162818+0300","href":"/guestAuth/app/rest/changes/id:1765558","webUrl":"https://teamcity.jetbrains.com/viewModification.html?modId=1765558&personal=false"},{"id":1765557,"version":"4f9e6edcf31fb96698b1f855a52d8b1845b48037","username":"alexey.sedunov","date":"20150604T162647+0300","href":"/guestAuth/app/rest/changes/id:1765557","webUrl":"https://teamcity.jetbrains.com/viewModification.html?modId=1765557&personal=false"},{"id":1765556,"version":"54f9d1757f04f7902e2e02f2efc7ebafd5b4b35a","username":"alexey.sedunov","date":"20150605T142610+0300","href":"/guestAuth/app/rest/changes/id:1765556","webUrl":"https://teamcity.jetbrains.com/viewModification.html?modId=1765556&personal=false"},{"id":1765555,"version":"dcba7be178eb04f4a21c683e1da0c0ec4229803c","username":"alexey.sedunov","date":"20150604T155431+0300","href":"/guestAuth/app/rest/changes/id:1765555","webUrl":"https://teamcity.jetbrains.com/viewModification.html?modId=1765555&personal=false"},{"id":1765554,"version":"b9eb5f9acf5e7748419d31bf996c00f5c7be224c","username":"alexey.sedunov","date":"20150604T142004+0300","href":"/guestAuth/app/rest/changes/id:1765554","webUrl":"https://teamcity.jetbrains.com/viewModification.html?modId=1765554&personal=false"},{"id":1765552,"version":"d49aa127f4f0b48a43724889823694824465ccac","username":"alexey.sedunov","date":"20150603T180201+0300","href":"/guestAuth/app/rest/changes/id:1765552","webUrl":"https://teamcity.jetbrains.com/viewModification.html?modId=1765552&personal=false"},{"id":1765551,"version":"4f06d90e8ba2591c93649bf9bcf02f0c5c757c70","username":"alexey.sedunov","date":"20150606T024020+0300","href":"/guestAuth/app/rest/changes/id:1765551","webUrl":"https://teamcity.jetbrains.com/viewModification.html?modId=1765551&personal=false"},{"id":1765550,"version":"d2b75e0417c94a8d5299b6aae8c32a7cf81f0e9b","username":"alexey.sedunov","date":"20150606T021019+0300","href":"/guestAuth/app/rest/changes/id:1765550","webUrl":"https://teamcity.jetbrains.com/viewModification.html?modId=1765550&personal=false"},{"id":1765549,"version":"4731b99f4cba6f367cda62b34bdcd2157f145785","username":"alexey.sedunov","date":"20150605T162818+0300","href":"/guestAuth/app/rest/changes/id:1765549","webUrl":"https://teamcity.jetbrains.com/viewModification.html?modId=1765549&personal=false"},{"id":1765548,"version":"4f9e6edcf31fb96698b1f855a52d8b1845b48037","username":"alexey.sedunov","date":"20150604T162647+0300","href":"/guestAuth/app/rest/changes/id:1765548","webUrl":"https://teamcity.jetbrains.com/viewModification.html?modId=1765548&personal=false"},{"id":1765547,"version":"54f9d1757f04f7902e2e02f2efc7ebafd5b4b35a","username":"alexey.sedunov","date":"20150605T142610+0300","href":"/guestAuth/app/rest/changes/id:1765547","webUrl":"https://teamcity.jetbrains.com/viewModification.html?modId=1765547&personal=false"},{"id":1765546,"version":"dcba7be178eb04f4a21c683e1da0c0ec4229803c","username":"alexey.sedunov","date":"20150604T155431+0300","href":"/guestAuth/app/rest/changes/id:1765546","webUrl":"https://teamcity.jetbrains.com/viewModification.html?modId=1765546&personal=false"},{"id":1765545,"version":"b9eb5f9acf5e7748419d31bf996c00f5c7be224c","username":"alexey.sedunov","date":"20150604T142004+0300","href":"/guestAuth/app/rest/changes/id:1765545","webUrl":"https://teamcity.jetbrains.com/viewModification.html?modId=1765545&personal=false"},{"id":1765544,"version":"8f5897ad8dd35e81de3b2afb4f044f0dc9917e7e","username":"yan.zhulanow","date":"20150606T024027+0300","href":"/guestAuth/app/rest/changes/id:1765544","webUrl":"https://teamcity.jetbrains.com/viewModification.html?modId=1765544&personal=false"},{"id":1765543,"version":"e23a49e9cad8d2bc459904a17aaa1d8313720236","username":"yan.zhulanow","date":"20150606T024004+0300","href":"/guestAuth/app/rest/changes/id:1765543","webUrl":"https://teamcity.jetbrains.com/viewModification.html?modId=1765543&personal=false"},{"id":1765542,"version":"367ca4ca1eabc4c6fbe9fdb167aa0d60a08cc146","username":"yan.zhulanow","date":"20150606T022948+0300","href":"/guestAuth/app/rest/changes/id:1765542","webUrl":"https://teamcity.jetbrains.com/viewModification.html?modId=1765542&personal=false"},{"id":1765541,"version":"cdc8f59d982025157c04bb44e6e2f9ec6d31c672","username":"yan.zhulanow","date":"20150606T022315+0300","href":"/guestAuth/app/rest/changes/id:1765541","webUrl":"https://teamcity.jetbrains.com/viewModification.html?modId=1765541&personal=false"},{"id":1765540,"version":"dd8143d36f24d30a315da99054dba9921487b1c6","username":"yan.zhulanow","date":"20150606T021247+0300","href":"/guestAuth/app/rest/changes/id:1765540","webUrl":"https://teamcity.jetbrains.com/viewModification.html?modId=1765540&personal=false"},{"id":1765539,"version":"ab4332de36287fe22820a021c51392c58c318292","username":"yan.zhulanow","date":"20150606T021152+0300","href":"/guestAuth/app/rest/changes/id:1765539","webUrl":"https://teamcity.jetbrains.com/viewModification.html?modId=1765539&personal=false"},{"id":1765538,"version":"9eb781d0ca3dddfed396e1796f021e148cd45cc3","username":"yan.zhulanow","date":"20150606T015548+0300","href":"/guestAuth/app/rest/changes/id:1765538","webUrl":"https://teamcity.jetbrains.com/viewModification.html?modId=1765538&personal=false"},{"id":1765537,"version":"7f18db03ffdc25cb60e7239d4ee09aae142f2c2b","username":"yan.zhulanow","date":"20150605T224728+0300","href":"/guestAuth/app/rest/changes/id:1765537","webUrl":"https://teamcity.jetbrains.com/viewModification.html?modId=1765537&personal=false"},{"id":1765536,"version":"bdb34e2ddbdf87683cb92d39bec175ba2fda3d2a","username":"yan.zhulanow","date":"20150605T222114+0300","href":"/guestAuth/app/rest/changes/id:1765536","webUrl":"https://teamcity.jetbrains.com/viewModification.html?modId=1765536&personal=false"},{"id":1765535,"version":"9e52bd626a13819619d27a30ef71a625a7554daf","username":"maxim.mossienko","date":"20150606T010517+0300","href":"/guestAuth/app/rest/changes/id:1765535","webUrl":"https://teamcity.jetbrains.com/viewModification.html?modId=1765535&personal=false"},{"id":1765534,"version":"1885dfc2e4c1e5de5682b3513ad57027f04df791","username":"gregory.shrago","date":"20150606T010626+0300","href":"/guestAuth/app/rest/changes/id:1765534","webUrl":"https://teamcity.jetbrains.com/viewModification.html?modId=1765534&personal=false"},{"id":1765525,"version":"dae7717a6970ab56ac79741d0ac0cfc0c76fe830","username":"alexey.sedunov","date":"20150601T201116+0300","href":"/guestAuth/app/rest/changes/id:1765525","webUrl":"https://teamcity.jetbrains.com/viewModification.html?modId=1765525&personal=false"},{"id":1765524,"version":"4a56b99cffe2f62745d2050d1277d24dc9cfe0cf","username":"alexey.sedunov","date":"20150529T212639+0300","href":"/guestAuth/app/rest/changes/id:1765524","webUrl":"https://teamcity.jetbrains.com/viewModification.html?modId=1765524&personal=false"},{"id":1765523,"version":"dae7717a6970ab56ac79741d0ac0cfc0c76fe830","username":"alexey.sedunov","date":"20150601T201116+0300","href":"/guestAuth/app/rest/changes/id:1765523","webUrl":"https://teamcity.jetbrains.com/viewModification.html?modId=1765523&personal=false"},{"id":1765522,"version":"4a56b99cffe2f62745d2050d1277d24dc9cfe0cf","username":"alexey.sedunov","date":"20150529T212639+0300","href":"/guestAuth/app/rest/changes/id:1765522","webUrl":"https://teamcity.jetbrains.com/viewModification.html?modId=1765522&personal=false"},{"id":1765521,"version":"1bb4d4f0f94d56813c84ff04197b9110c3d1a1c5","username":"nikolay.krasko","date":"20150606T004924+0300","href":"/guestAuth/app/rest/changes/id:1765521","webUrl":"https://teamcity.jetbrains.com/viewModification.html?modId=1765521&personal=false"},{"id":1765520,"version":"dae7717a6970ab56ac79741d0ac0cfc0c76fe830","username":"alexey.sedunov","date":"20150601T201116+0300","href":"/guestAuth/app/rest/changes/id:1765520","webUrl":"https://teamcity.jetbrains.com/viewModification.html?modId=1765520&personal=false"},{"id":1765519,"version":"4a56b99cffe2f62745d2050d1277d24dc9cfe0cf","username":"alexey.sedunov","date":"20150529T212639+0300","href":"/guestAuth/app/rest/changes/id:1765519","webUrl":"https://teamcity.jetbrains.com/viewModification.html?modId=1765519&personal=false"},{"id":1765518,"version":"dae7717a6970ab56ac79741d0ac0cfc0c76fe830","username":"alexey.sedunov","date":"20150601T201116+0300","href":"/guestAuth/app/rest/changes/id:1765518","webUrl":"https://teamcity.jetbrains.com/viewModification.html?modId=1765518&personal=false"},{"id":1765517,"version":"4a56b99cffe2f62745d2050d1277d24dc9cfe0cf","username":"alexey.sedunov","date":"20150529T212639+0300","href":"/guestAuth/app/rest/changes/id:1765517","webUrl":"https://teamcity.jetbrains.com/viewModification.html?modId=1765517&personal=false"},{"id":1765516,"version":"dae7717a6970ab56ac79741d0ac0cfc0c76fe830","username":"alexey.sedunov","date":"20150601T201116+0300","href":"/guestAuth/app/rest/changes/id:1765516","webUrl":"https://teamcity.jetbrains.com/viewModification.html?modId=1765516&personal=false"},{"id":1765515,"version":"4a56b99cffe2f62745d2050d1277d24dc9cfe0cf","username":"alexey.sedunov","date":"20150529T212639+0300","href":"/guestAuth/app/rest/changes/id:1765515","webUrl":"https://teamcity.jetbrains.com/viewModification.html?modId=1765515&personal=false"},{"id":1765513,"version":"5b1a78f6c5af308ee4402586c019d4ab4decd038","username":"yan.zhulanow","date":"20150606T003846+0300","href":"/guestAuth/app/rest/changes/id:1765513","webUrl":"https://teamcity.jetbrains.com/viewModification.html?modId=1765513&personal=false"},{"id":1765512,"version":"8ba465f3a8fc0dd11705adf6c9d46e1e3ee78068","username":"alexander.udalov","date":"20150605T161751+0300","href":"/guestAuth/app/rest/changes/id:1765512","webUrl":"https://teamcity.jetbrains.com/viewModification.html?modId=1765512&personal=false"},{"id":1765511,"version":"0f7cf8bd418fc8262a07ee6264b1dfd842e417f7","username":"alexander.udalov","date":"20150605T155048+0300","href":"/guestAuth/app/rest/changes/id:1765511","webUrl":"https://teamcity.jetbrains.com/viewModification.html?modId=1765511&personal=false"},{"id":1765510,"version":"a4dc23535cbce9ce7f0fdb531f084c5623cfdc74","username":"alexander.udalov","date":"20150604T230610+0300","href":"/guestAuth/app/rest/changes/id:1765510","webUrl":"https://teamcity.jetbrains.com/viewModification.html?modId=1765510&personal=false"},{"id":1765509,"version":"18668b8409030107ddde434429bc29a3ce41068f","username":"alexander.udalov","date":"20150604T225557+0300","href":"/guestAuth/app/rest/changes/id:1765509","webUrl":"https://teamcity.jetbrains.com/viewModification.html?modId=1765509&personal=false"},{"id":1765508,"version":"6ae3a5806e9ba327feefc39407b1559333606521","username":"alexander.udalov","date":"20150604T220223+0300","href":"/guestAuth/app/rest/changes/id:1765508","webUrl":"https://teamcity.jetbrains.com/viewModification.html?modId=1765508&personal=false"},{"id":1765507,"version":"96f0c1c215a28c9e20db23411498fa9f032d2390","username":"alexander.udalov","date":"20150603T134819+0300","href":"/guestAuth/app/rest/changes/id:1765507","webUrl":"https://teamcity.jetbrains.com/viewModification.html?modId=1765507&personal=false"},{"id":1765506,"version":"e3df2d0056b58b270b16a3f344f792dc71f1d53e","username":"alexander.udalov","date":"20150603T130834+0300","href":"/guestAuth/app/rest/changes/id:1765506","webUrl":"https://teamcity.jetbrains.com/viewModification.html?modId=1765506&personal=false"}]}'}
    headers:
      cache-control: [no-cache, no-store]
      connection: [keep-alive]
      content-type: [application/json]
      date: ['Sun, 07 Jun 2015 10:19:48 GMT']
      expires: ['Thu, 01 Jan 1970 00:00:00 GMT']
      pragma: [no-cache]
      server: [nginx]
      set-cookie: [TCSESSIONID=2427967B2157D421518C84FE57427298; Path=/; Secure; HttpOnly,
        'RememberMe=""; Expires=Thu, 01-Jan-1970 00:00:10 GMT; Path=/; HttpOnly']
      strict-transport-security: [max-age=31536000;]
    status: {code: 200, message: OK}
- request:
    body: null
    headers:
      Accept: [application/json]
    method: GET
    uri: http://teamcity.jetbrains.com/guestAuth/app/rest/changes
  response:
    body: {string: !!python/unicode "<html>\r\n<head><title>301 Moved Permanently</title></head>\r\n<body
        bgcolor=\"white\">\r\n<center><h1>301 Moved Permanently</h1></center>\r\n<hr><center>nginx</center>\r\n</body>\r\n</html>\r\n"}
    headers:
      connection: [keep-alive]
      content-length: ['178']
      content-type: [text/html]
      date: ['Sun, 07 Jun 2015 10:21:57 GMT']
      location: ['https://teamcity.jetbrains.com/guestAuth/app/rest/changes']
      server: [nginx]
    status: {code: 301, message: Moved Permanently}
- request:
    body: null
    headers:
      Accept: [application/json]
    method: GET
    uri: https://teamcity.jetbrains.com/guestAuth/app/rest/changes
  response:
    body: {string: !!python/unicode '{"nextHref":"/guestAuth/app/rest/changes?locator=count:100,start:100","href":"/guestAuth/app/rest/changes","count":100,"change":[{"id":1765677,"version":"016c797cd5a403e540e2a0a01464e7f38b553e36","username":"kirill.likhodedov","date":"20150607T122551+0300","href":"/guestAuth/app/rest/changes/id:1765677","webUrl":"https://teamcity.jetbrains.com/viewModification.html?modId=1765677&personal=false"},{"id":1765676,"version":"2c79be9e0a9f8aa481c9cd0a561a1c91bd707554","username":"b.rasmusson","date":"20150607T101534+0300","href":"/guestAuth/app/rest/changes/id:1765676","webUrl":"https://teamcity.jetbrains.com/viewModification.html?modId=1765676&personal=false"},{"id":1765675,"version":"19801f29ceed3e3fad3fd9fe52fd112e7cf84c7a","username":"b.rasmusson","date":"20150607T111628+0300","href":"/guestAuth/app/rest/changes/id:1765675","webUrl":"https://teamcity.jetbrains.com/viewModification.html?modId=1765675&personal=false"},{"id":1765674,"version":"95bcefacbc5f9b6ac0800ad738f5f4e8b1088813","username":"b.rasmusson","date":"20150607T102655+0300","href":"/guestAuth/app/rest/changes/id:1765674","webUrl":"https://teamcity.jetbrains.com/viewModification.html?modId=1765674&personal=false"},{"id":1765673,"version":"9f60aa0d57f15d153c13d7980096a1d2a4e421a3","username":"smiller","date":"20150605T194850+0300","href":"/guestAuth/app/rest/changes/id:1765673","webUrl":"https://teamcity.jetbrains.com/viewModification.html?modId=1765673&personal=false"},{"id":1765672,"version":"673039441510eec2ffbf2fc38ca419aca1a587ab","username":"b.rasmusson","date":"20150607T110317+0300","href":"/guestAuth/app/rest/changes/id:1765672","webUrl":"https://teamcity.jetbrains.com/viewModification.html?modId=1765672&personal=false"},{"id":1765671,"version":"4fd01ffd274db07c974544eae09c68e86f9f8e33","username":"pdswan","date":"20150520T153826+0300","href":"/guestAuth/app/rest/changes/id:1765671","webUrl":"https://teamcity.jetbrains.com/viewModification.html?modId=1765671&personal=false"},{"id":1765670,"version":"447ae5106477c4b8a1d07a4b18ac14f2abcee4e8","username":"pdswan","date":"20150520T055023+0300","href":"/guestAuth/app/rest/changes/id:1765670","webUrl":"https://teamcity.jetbrains.com/viewModification.html?modId=1765670&personal=false"},{"id":1765669,"version":"77e36edf8edbf70ffe82bb7ea8edb14a5dbe3fae","username":"yong.christopher.tang","date":"20150607T112704+0300","href":"/guestAuth/app/rest/changes/id:1765669","webUrl":"https://teamcity.jetbrains.com/viewModification.html?modId=1765669&personal=false"},{"id":1765667,"version":"999c865bc069f580470819f5c95e4d76bd2b68a2","username":"charliepoole","date":"20150607T110047+0300","href":"/guestAuth/app/rest/changes/id:1765667","webUrl":"https://teamcity.jetbrains.com/viewModification.html?modId=1765667&personal=false"},{"id":1765666,"version":"c73d5791130a93bf2b333db5ad12c354d184ca5b","username":"charliepoole","date":"20150607T105032+0300","href":"/guestAuth/app/rest/changes/id:1765666","webUrl":"https://teamcity.jetbrains.com/viewModification.html?modId=1765666&personal=false"},{"id":1765658,"version":"44050c0c8818f50116438fc95c252da705fb8f2b","username":"julien","date":"20150607T051810+0300","href":"/guestAuth/app/rest/changes/id:1765658","webUrl":"https://teamcity.jetbrains.com/viewModification.html?modId=1765658&personal=false"},{"id":1765653,"version":"8d010f261e0cf52403cb0399e15e0c74b9c5e429","username":"yan.zhulanow","date":"20150607T025720+0300","href":"/guestAuth/app/rest/changes/id:1765653","webUrl":"https://teamcity.jetbrains.com/viewModification.html?modId=1765653&personal=false"},{"id":1765652,"version":"32a074b4756199f7f5285b9678ffc68da45e876b","username":"yan.zhulanow","date":"20150607T025232+0300","href":"/guestAuth/app/rest/changes/id:1765652","webUrl":"https://teamcity.jetbrains.com/viewModification.html?modId=1765652&personal=false"},{"id":1765644,"version":"2fae9d1fa620b1363aed9fdafadafad793363829","username":"kurbatsky","date":"20150606T232341+0300","href":"/guestAuth/app/rest/changes/id:1765644","webUrl":"https://teamcity.jetbrains.com/viewModification.html?modId=1765644&personal=false"},{"id":1765639,"version":"66903d4dc4ffe23e11e9874e5ffb9d0dc872cce7","username":"julien","date":"20150606T180610+0300","href":"/guestAuth/app/rest/changes/id:1765639","webUrl":"https://teamcity.jetbrains.com/viewModification.html?modId=1765639&personal=false"},{"id":1765638,"version":"674fe163f3811ceaac0c4ad6f815d62fd7c2511d","username":"cedric","date":"20150606T180129+0300","href":"/guestAuth/app/rest/changes/id:1765638","webUrl":"https://teamcity.jetbrains.com/viewModification.html?modId=1765638&personal=false"},{"id":1765636,"version":"674fe163f3811ceaac0c4ad6f815d62fd7c2511d","username":"cedric","date":"20150606T180129+0300","href":"/guestAuth/app/rest/changes/id:1765636","webUrl":"https://teamcity.jetbrains.com/viewModification.html?modId=1765636&personal=false"},{"id":1765635,"version":"747891739f32bf57c2082d7750c545da1ad9c324","username":"maxim.mossienko","date":"20150606T173401+0300","href":"/guestAuth/app/rest/changes/id:1765635","webUrl":"https://teamcity.jetbrains.com/viewModification.html?modId=1765635&personal=false"},{"id":1765634,"version":"9cbc3aea903edbbb94ec1e4eef5fd23af65ab93c","username":"cedric","date":"20150606T173856+0300","href":"/guestAuth/app/rest/changes/id:1765634","webUrl":"https://teamcity.jetbrains.com/viewModification.html?modId=1765634&personal=false"},{"id":1765633,"version":"9cbc3aea903edbbb94ec1e4eef5fd23af65ab93c","username":"cedric","date":"20150606T173856+0300","href":"/guestAuth/app/rest/changes/id:1765633","webUrl":"https://teamcity.jetbrains.com/viewModification.html?modId=1765633&personal=false"},{"id":1765628,"version":"520df6af1a7af3afcce101758ec9932a62c7a1f7","username":"rob","date":"20150606T145633+0300","href":"/guestAuth/app/rest/changes/id:1765628","webUrl":"https://teamcity.jetbrains.com/viewModification.html?modId=1765628&personal=false"},{"id":1765624,"version":"c3615b14be7819c622ab080054660bdec4110eb9","username":"valentin","date":"20150605T214947+0300","href":"/guestAuth/app/rest/changes/id:1765624","webUrl":"https://teamcity.jetbrains.com/viewModification.html?modId=1765624&personal=false"},{"id":1765623,"version":"19884c8f6201bd5fc5af5fb024efaf67285f9051","username":"julien","date":"20150606T130939+0300","href":"/guestAuth/app/rest/changes/id:1765623","webUrl":"https://teamcity.jetbrains.com/viewModification.html?modId=1765623&personal=false"},{"id":1765622,"version":"876e906850694b9421ac20a06c4f5e6b9fb3cf00","username":"oleg.shpynov@jetbrains.com","date":"20150606T125640+0300","href":"/guestAuth/app/rest/changes/id:1765622","webUrl":"https://teamcity.jetbrains.com/viewModification.html?modId=1765622&personal=false"},{"id":1765621,"version":"876e906850694b9421ac20a06c4f5e6b9fb3cf00","username":"oleg.shpynov","date":"20150606T125640+0300","href":"/guestAuth/app/rest/changes/id:1765621","webUrl":"https://teamcity.jetbrains.com/viewModification.html?modId=1765621&personal=false"},{"id":1765618,"version":"59fc3d039d46baf3167011207dafc94aaf27b084","username":"charliepoole","date":"20150606T123030+0300","href":"/guestAuth/app/rest/changes/id:1765618","webUrl":"https://teamcity.jetbrains.com/viewModification.html?modId=1765618&personal=false"},{"id":1765617,"version":"bc342e4c3f58a32cd2a473a98d1fe3ec4e5f38e9","username":"charliepoole","date":"20150606T122531+0300","href":"/guestAuth/app/rest/changes/id:1765617","webUrl":"https://teamcity.jetbrains.com/viewModification.html?modId=1765617&personal=false"},{"id":1765614,"version":"52bfbab518ea126318e61f69f41b8637a55c6091","username":"oleg.shpynov@jetbrains.com","date":"20150606T120947+0300","href":"/guestAuth/app/rest/changes/id:1765614","webUrl":"https://teamcity.jetbrains.com/viewModification.html?modId=1765614&personal=false"},{"id":1765613,"version":"171eba2fa8710c9c8d0d8baaaefbbc34dd1caf16","username":"oleg.shpynov@jetbrains.com","date":"20150606T120337+0300","href":"/guestAuth/app/rest/changes/id:1765613","webUrl":"https://teamcity.jetbrains.com/viewModification.html?modId=1765613&personal=false"},{"id":1765612,"version":"6400e6cfa4f9b549cb9b910a56c65edf9ee51549","username":"oleg.shpynov@jetbrains.com","date":"20150606T120115+0300","href":"/guestAuth/app/rest/changes/id:1765612","webUrl":"https://teamcity.jetbrains.com/viewModification.html?modId=1765612&personal=false"},{"id":1765611,"version":"4540fb0135c340f4123ab4f01dc083a7fbdbfe34","username":"oleg.shpynov@jetbrains.com","date":"20150606T103501+0300","href":"/guestAuth/app/rest/changes/id:1765611","webUrl":"https://teamcity.jetbrains.com/viewModification.html?modId=1765611&personal=false"},{"id":1765610,"version":"f2422d5721cb7f9b4664116b4cc7dedc79772a09","username":"oleg.shpynov@jetbrains.com","date":"20150606T103438+0300","href":"/guestAuth/app/rest/changes/id:1765610","webUrl":"https://teamcity.jetbrains.com/viewModification.html?modId=1765610&personal=false"},{"id":1765609,"version":"578cec232a7166e687799a37824857ae5238cfb8","username":"oleg.shpynov@jetbrains.com","date":"20150606T102553+0300","href":"/guestAuth/app/rest/changes/id:1765609","webUrl":"https://teamcity.jetbrains.com/viewModification.html?modId=1765609&personal=false"},{"id":1765608,"version":"ba8266cf6babf54f1e94bbb8580a46c5e59a19dd","username":"oleg.shpynov@jetbrains.com","date":"20150606T095015+0300","href":"/guestAuth/app/rest/changes/id:1765608","webUrl":"https://teamcity.jetbrains.com/viewModification.html?modId=1765608&personal=false"},{"id":1765607,"version":"52bfbab518ea126318e61f69f41b8637a55c6091","username":"oleg.shpynov","date":"20150606T120947+0300","href":"/guestAuth/app/rest/changes/id:1765607","webUrl":"https://teamcity.jetbrains.com/viewModification.html?modId=1765607&personal=false"},{"id":1765606,"version":"171eba2fa8710c9c8d0d8baaaefbbc34dd1caf16","username":"oleg.shpynov","date":"20150606T120337+0300","href":"/guestAuth/app/rest/changes/id:1765606","webUrl":"https://teamcity.jetbrains.com/viewModification.html?modId=1765606&personal=false"},{"id":1765605,"version":"6400e6cfa4f9b549cb9b910a56c65edf9ee51549","username":"oleg.shpynov","date":"20150606T120115+0300","href":"/guestAuth/app/rest/changes/id:1765605","webUrl":"https://teamcity.jetbrains.com/viewModification.html?modId=1765605&personal=false"},{"id":1765604,"version":"4540fb0135c340f4123ab4f01dc083a7fbdbfe34","username":"oleg.shpynov","date":"20150606T103501+0300","href":"/guestAuth/app/rest/changes/id:1765604","webUrl":"https://teamcity.jetbrains.com/viewModification.html?modId=1765604&personal=false"},{"id":1765603,"version":"f2422d5721cb7f9b4664116b4cc7dedc79772a09","username":"oleg.shpynov","date":"20150606T103438+0300","href":"/guestAuth/app/rest/changes/id:1765603","webUrl":"https://teamcity.jetbrains.com/viewModification.html?modId=1765603&personal=false"},{"id":1765602,"version":"578cec232a7166e687799a37824857ae5238cfb8","username":"oleg.shpynov","date":"20150606T102553+0300","href":"/guestAuth/app/rest/changes/id:1765602","webUrl":"https://teamcity.jetbrains.com/viewModification.html?modId=1765602&personal=false"},{"id":1765601,"version":"ba8266cf6babf54f1e94bbb8580a46c5e59a19dd","username":"oleg.shpynov","date":"20150606T095015+0300","href":"/guestAuth/app/rest/changes/id:1765601","webUrl":"https://teamcity.jetbrains.com/viewModification.html?modId=1765601&personal=false"},{"id":1765600,"version":"0cb2348b2f458221151f5ae23e6203399bb023ca","username":"valentin","date":"20150605T204947+0300","href":"/guestAuth/app/rest/changes/id:1765600","webUrl":"https://teamcity.jetbrains.com/viewModification.html?modId=1765600&personal=false"},{"id":1765599,"version":"0cb2348b2f458221151f5ae23e6203399bb023ca","username":"valentin","date":"20150605T204947+0300","href":"/guestAuth/app/rest/changes/id:1765599","webUrl":"https://teamcity.jetbrains.com/viewModification.html?modId=1765599&personal=false"},{"id":1765598,"version":"0cb2348b2f458221151f5ae23e6203399bb023ca","username":"valentin","date":"20150605T204947+0300","href":"/guestAuth/app/rest/changes/id:1765598","webUrl":"https://teamcity.jetbrains.com/viewModification.html?modId=1765598&personal=false"},{"id":1765597,"version":"0cb2348b2f458221151f5ae23e6203399bb023ca","username":"valentin","date":"20150605T204947+0300","href":"/guestAuth/app/rest/changes/id:1765597","webUrl":"https://teamcity.jetbrains.com/viewModification.html?modId=1765597&personal=false"},{"id":1765596,"version":"0cb2348b2f458221151f5ae23e6203399bb023ca","username":"valentin","date":"20150605T204947+0300","href":"/guestAuth/app/rest/changes/id:1765596","webUrl":"https://teamcity.jetbrains.com/viewModification.html?modId=1765596&personal=false"},{"id":1765595,"version":"0cb2348b2f458221151f5ae23e6203399bb023ca","username":"valentin","date":"20150605T204947+0300","href":"/guestAuth/app/rest/changes/id:1765595","webUrl":"https://teamcity.jetbrains.com/viewModification.html?modId=1765595&personal=false"},{"id":1765594,"version":"c3615b14be7819c622ab080054660bdec4110eb9","username":"valentin","date":"20150605T214947+0300","href":"/guestAuth/app/rest/changes/id:1765594","webUrl":"https://teamcity.jetbrains.com/viewModification.html?modId=1765594&personal=false"},{"id":1765593,"version":"0cb2348b2f458221151f5ae23e6203399bb023ca","username":"valentin","date":"20150605T204947+0300","href":"/guestAuth/app/rest/changes/id:1765593","webUrl":"https://teamcity.jetbrains.com/viewModification.html?modId=1765593&personal=false"},{"id":1765585,"version":"c1d03d7956cf6641cf6e2907255d2bb1e8eb309d","username":"anandj82","date":"20150606T080016+0300","href":"/guestAuth/app/rest/changes/id:1765585","webUrl":"https://teamcity.jetbrains.com/viewModification.html?modId=1765585&personal=false"},{"id":1765584,"version":"4fa882014b5ebb56ae43d793b96af340736dab5b","username":"anandj82","date":"20150603T085131+0300","href":"/guestAuth/app/rest/changes/id:1765584","webUrl":"https://teamcity.jetbrains.com/viewModification.html?modId=1765584&personal=false"},{"id":1765583,"version":"0645c1b333dc0e1f1fd08771e26cdd68dc4a1dc4","username":"mail","date":"20150606T071119+0300","href":"/guestAuth/app/rest/changes/id:1765583","webUrl":"https://teamcity.jetbrains.com/viewModification.html?modId=1765583&personal=false"},{"id":1765582,"version":"c0d6a0026a611f2cc6fd116cd3fc532b4aed56c6","username":"felipe
        tanus","date":"20150604T044044+0300","href":"/guestAuth/app/rest/changes/id:1765582","webUrl":"https://teamcity.jetbrains.com/viewModification.html?modId=1765582&personal=false"},{"id":1765561,"version":"d49aa127f4f0b48a43724889823694824465ccac","username":"alexey.sedunov","date":"20150603T180201+0300","href":"/guestAuth/app/rest/changes/id:1765561","webUrl":"https://teamcity.jetbrains.com/viewModification.html?modId=1765561&personal=false"},{"id":1765560,"version":"4f06d90e8ba2591c93649bf9bcf02f0c5c757c70","username":"alexey.sedunov","date":"20150606T024020+0300","href":"/guestAuth/app/rest/changes/id:1765560","webUrl":"https://teamcity.jetbrains.com/viewModification.html?modId=1765560&personal=false"},{"id":1765559,"version":"d2b75e0417c94a8d5299b6aae8c32a7cf81f0e9b","username":"alexey.sedunov","date":"20150606T021019+0300","href":"/guestAuth/app/rest/changes/id:1765559","webUrl":"https://teamcity.jetbrains.com/viewModification.html?modId=1765559&personal=false"},{"id":1765558,"version":"4731b99f4cba6f367cda62b34bdcd2157f145785","username":"alexey.sedunov","date":"20150605T162818+0300","href":"/guestAuth/app/rest/changes/id:1765558","webUrl":"https://teamcity.jetbrains.com/viewModification.html?modId=1765558&personal=false"},{"id":1765557,"version":"4f9e6edcf31fb96698b1f855a52d8b1845b48037","username":"alexey.sedunov","date":"20150604T162647+0300","href":"/guestAuth/app/rest/changes/id:1765557","webUrl":"https://teamcity.jetbrains.com/viewModification.html?modId=1765557&personal=false"},{"id":1765556,"version":"54f9d1757f04f7902e2e02f2efc7ebafd5b4b35a","username":"alexey.sedunov","date":"20150605T142610+0300","href":"/guestAuth/app/rest/changes/id:1765556","webUrl":"https://teamcity.jetbrains.com/viewModification.html?modId=1765556&personal=false"},{"id":1765555,"version":"dcba7be178eb04f4a21c683e1da0c0ec4229803c","username":"alexey.sedunov","date":"20150604T155431+0300","href":"/guestAuth/app/rest/changes/id:1765555","webUrl":"https://teamcity.jetbrains.com/viewModification.html?modId=1765555&personal=false"},{"id":1765554,"version":"b9eb5f9acf5e7748419d31bf996c00f5c7be224c","username":"alexey.sedunov","date":"20150604T142004+0300","href":"/guestAuth/app/rest/changes/id:1765554","webUrl":"https://teamcity.jetbrains.com/viewModification.html?modId=1765554&personal=false"},{"id":1765552,"version":"d49aa127f4f0b48a43724889823694824465ccac","username":"alexey.sedunov","date":"20150603T180201+0300","href":"/guestAuth/app/rest/changes/id:1765552","webUrl":"https://teamcity.jetbrains.com/viewModification.html?modId=1765552&personal=false"},{"id":1765551,"version":"4f06d90e8ba2591c93649bf9bcf02f0c5c757c70","username":"alexey.sedunov","date":"20150606T024020+0300","href":"/guestAuth/app/rest/changes/id:1765551","webUrl":"https://teamcity.jetbrains.com/viewModification.html?modId=1765551&personal=false"},{"id":1765550,"version":"d2b75e0417c94a8d5299b6aae8c32a7cf81f0e9b","username":"alexey.sedunov","date":"20150606T021019+0300","href":"/guestAuth/app/rest/changes/id:1765550","webUrl":"https://teamcity.jetbrains.com/viewModification.html?modId=1765550&personal=false"},{"id":1765549,"version":"4731b99f4cba6f367cda62b34bdcd2157f145785","username":"alexey.sedunov","date":"20150605T162818+0300","href":"/guestAuth/app/rest/changes/id:1765549","webUrl":"https://teamcity.jetbrains.com/viewModification.html?modId=1765549&personal=false"},{"id":1765548,"version":"4f9e6edcf31fb96698b1f855a52d8b1845b48037","username":"alexey.sedunov","date":"20150604T162647+0300","href":"/guestAuth/app/rest/changes/id:1765548","webUrl":"https://teamcity.jetbrains.com/viewModification.html?modId=1765548&personal=false"},{"id":1765547,"version":"54f9d1757f04f7902e2e02f2efc7ebafd5b4b35a","username":"alexey.sedunov","date":"20150605T142610+0300","href":"/guestAuth/app/rest/changes/id:1765547","webUrl":"https://teamcity.jetbrains.com/viewModification.html?modId=1765547&personal=false"},{"id":1765546,"version":"dcba7be178eb04f4a21c683e1da0c0ec4229803c","username":"alexey.sedunov","date":"20150604T155431+0300","href":"/guestAuth/app/rest/changes/id:1765546","webUrl":"https://teamcity.jetbrains.com/viewModification.html?modId=1765546&personal=false"},{"id":1765545,"version":"b9eb5f9acf5e7748419d31bf996c00f5c7be224c","username":"alexey.sedunov","date":"20150604T142004+0300","href":"/guestAuth/app/rest/changes/id:1765545","webUrl":"https://teamcity.jetbrains.com/viewModification.html?modId=1765545&personal=false"},{"id":1765544,"version":"8f5897ad8dd35e81de3b2afb4f044f0dc9917e7e","username":"yan.zhulanow","date":"20150606T024027+0300","href":"/guestAuth/app/rest/changes/id:1765544","webUrl":"https://teamcity.jetbrains.com/viewModification.html?modId=1765544&personal=false"},{"id":1765543,"version":"e23a49e9cad8d2bc459904a17aaa1d8313720236","username":"yan.zhulanow","date":"20150606T024004+0300","href":"/guestAuth/app/rest/changes/id:1765543","webUrl":"https://teamcity.jetbrains.com/viewModification.html?modId=1765543&personal=false"},{"id":1765542,"version":"367ca4ca1eabc4c6fbe9fdb167aa0d60a08cc146","username":"yan.zhulanow","date":"20150606T022948+0300","href":"/guestAuth/app/rest/changes/id:1765542","webUrl":"https://teamcity.jetbrains.com/viewModification.html?modId=1765542&personal=false"},{"id":1765541,"version":"cdc8f59d982025157c04bb44e6e2f9ec6d31c672","username":"yan.zhulanow","date":"20150606T022315+0300","href":"/guestAuth/app/rest/changes/id:1765541","webUrl":"https://teamcity.jetbrains.com/viewModification.html?modId=1765541&personal=false"},{"id":1765540,"version":"dd8143d36f24d30a315da99054dba9921487b1c6","username":"yan.zhulanow","date":"20150606T021247+0300","href":"/guestAuth/app/rest/changes/id:1765540","webUrl":"https://teamcity.jetbrains.com/viewModification.html?modId=1765540&personal=false"},{"id":1765539,"version":"ab4332de36287fe22820a021c51392c58c318292","username":"yan.zhulanow","date":"20150606T021152+0300","href":"/guestAuth/app/rest/changes/id:1765539","webUrl":"https://teamcity.jetbrains.com/viewModification.html?modId=1765539&personal=false"},{"id":1765538,"version":"9eb781d0ca3dddfed396e1796f021e148cd45cc3","username":"yan.zhulanow","date":"20150606T015548+0300","href":"/guestAuth/app/rest/changes/id:1765538","webUrl":"https://teamcity.jetbrains.com/viewModification.html?modId=1765538&personal=false"},{"id":1765537,"version":"7f18db03ffdc25cb60e7239d4ee09aae142f2c2b","username":"yan.zhulanow","date":"20150605T224728+0300","href":"/guestAuth/app/rest/changes/id:1765537","webUrl":"https://teamcity.jetbrains.com/viewModification.html?modId=1765537&personal=false"},{"id":1765536,"version":"bdb34e2ddbdf87683cb92d39bec175ba2fda3d2a","username":"yan.zhulanow","date":"20150605T222114+0300","href":"/guestAuth/app/rest/changes/id:1765536","webUrl":"https://teamcity.jetbrains.com/viewModification.html?modId=1765536&personal=false"},{"id":1765535,"version":"9e52bd626a13819619d27a30ef71a625a7554daf","username":"maxim.mossienko","date":"20150606T010517+0300","href":"/guestAuth/app/rest/changes/id:1765535","webUrl":"https://teamcity.jetbrains.com/viewModification.html?modId=1765535&personal=false"},{"id":1765534,"version":"1885dfc2e4c1e5de5682b3513ad57027f04df791","username":"gregory.shrago","date":"20150606T010626+0300","href":"/guestAuth/app/rest/changes/id:1765534","webUrl":"https://teamcity.jetbrains.com/viewModification.html?modId=1765534&personal=false"},{"id":1765525,"version":"dae7717a6970ab56ac79741d0ac0cfc0c76fe830","username":"alexey.sedunov","date":"20150601T201116+0300","href":"/guestAuth/app/rest/changes/id:1765525","webUrl":"https://teamcity.jetbrains.com/viewModification.html?modId=1765525&personal=false"},{"id":1765524,"version":"4a56b99cffe2f62745d2050d1277d24dc9cfe0cf","username":"alexey.sedunov","date":"20150529T212639+0300","href":"/guestAuth/app/rest/changes/id:1765524","webUrl":"https://teamcity.jetbrains.com/viewModification.html?modId=1765524&personal=false"},{"id":1765523,"version":"dae7717a6970ab56ac79741d0ac0cfc0c76fe830","username":"alexey.sedunov","date":"20150601T201116+0300","href":"/guestAuth/app/rest/changes/id:1765523","webUrl":"https://teamcity.jetbrains.com/viewModification.html?modId=1765523&personal=false"},{"id":1765522,"version":"4a56b99cffe2f62745d2050d1277d24dc9cfe0cf","username":"alexey.sedunov","date":"20150529T212639+0300","href":"/guestAuth/app/rest/changes/id:1765522","webUrl":"https://teamcity.jetbrains.com/viewModification.html?modId=1765522&personal=false"},{"id":1765521,"version":"1bb4d4f0f94d56813c84ff04197b9110c3d1a1c5","username":"nikolay.krasko","date":"20150606T004924+0300","href":"/guestAuth/app/rest/changes/id:1765521","webUrl":"https://teamcity.jetbrains.com/viewModification.html?modId=1765521&personal=false"},{"id":1765520,"version":"dae7717a6970ab56ac79741d0ac0cfc0c76fe830","username":"alexey.sedunov","date":"20150601T201116+0300","href":"/guestAuth/app/rest/changes/id:1765520","webUrl":"https://teamcity.jetbrains.com/viewModification.html?modId=1765520&personal=false"},{"id":1765519,"version":"4a56b99cffe2f62745d2050d1277d24dc9cfe0cf","username":"alexey.sedunov","date":"20150529T212639+0300","href":"/guestAuth/app/rest/changes/id:1765519","webUrl":"https://teamcity.jetbrains.com/viewModification.html?modId=1765519&personal=false"},{"id":1765518,"version":"dae7717a6970ab56ac79741d0ac0cfc0c76fe830","username":"alexey.sedunov","date":"20150601T201116+0300","href":"/guestAuth/app/rest/changes/id:1765518","webUrl":"https://teamcity.jetbrains.com/viewModification.html?modId=1765518&personal=false"},{"id":1765517,"version":"4a56b99cffe2f62745d2050d1277d24dc9cfe0cf","username":"alexey.sedunov","date":"20150529T212639+0300","href":"/guestAuth/app/rest/changes/id:1765517","webUrl":"https://teamcity.jetbrains.com/viewModification.html?modId=1765517&personal=false"},{"id":1765516,"version":"dae7717a6970ab56ac79741d0ac0cfc0c76fe830","username":"alexey.sedunov","date":"20150601T201116+0300","href":"/guestAuth/app/rest/changes/id:1765516","webUrl":"https://teamcity.jetbrains.com/viewModification.html?modId=1765516&personal=false"},{"id":1765515,"version":"4a56b99cffe2f62745d2050d1277d24dc9cfe0cf","username":"alexey.sedunov","date":"20150529T212639+0300","href":"/guestAuth/app/rest/changes/id:1765515","webUrl":"https://teamcity.jetbrains.com/viewModification.html?modId=1765515&personal=false"},{"id":1765513,"version":"5b1a78f6c5af308ee4402586c019d4ab4decd038","username":"yan.zhulanow","date":"20150606T003846+0300","href":"/guestAuth/app/rest/changes/id:1765513","webUrl":"https://teamcity.jetbrains.com/viewModification.html?modId=1765513&personal=false"},{"id":1765512,"version":"8ba465f3a8fc0dd11705adf6c9d46e1e3ee78068","username":"alexander.udalov","date":"20150605T161751+0300","href":"/guestAuth/app/rest/changes/id:1765512","webUrl":"https://teamcity.jetbrains.com/viewModification.html?modId=1765512&personal=false"},{"id":1765511,"version":"0f7cf8bd418fc8262a07ee6264b1dfd842e417f7","username":"alexander.udalov","date":"20150605T155048+0300","href":"/guestAuth/app/rest/changes/id:1765511","webUrl":"https://teamcity.jetbrains.com/viewModification.html?modId=1765511&personal=false"},{"id":1765510,"version":"a4dc23535cbce9ce7f0fdb531f084c5623cfdc74","username":"alexander.udalov","date":"20150604T230610+0300","href":"/guestAuth/app/rest/changes/id:1765510","webUrl":"https://teamcity.jetbrains.com/viewModification.html?modId=1765510&personal=false"},{"id":1765509,"version":"18668b8409030107ddde434429bc29a3ce41068f","username":"alexander.udalov","date":"20150604T225557+0300","href":"/guestAuth/app/rest/changes/id:1765509","webUrl":"https://teamcity.jetbrains.com/viewModification.html?modId=1765509&personal=false"},{"id":1765508,"version":"6ae3a5806e9ba327feefc39407b1559333606521","username":"alexander.udalov","date":"20150604T220223+0300","href":"/guestAuth/app/rest/changes/id:1765508","webUrl":"https://teamcity.jetbrains.com/viewModification.html?modId=1765508&personal=false"},{"id":1765507,"version":"96f0c1c215a28c9e20db23411498fa9f032d2390","username":"alexander.udalov","date":"20150603T134819+0300","href":"/guestAuth/app/rest/changes/id:1765507","webUrl":"https://teamcity.jetbrains.com/viewModification.html?modId=1765507&personal=false"},{"id":1765506,"version":"e3df2d0056b58b270b16a3f344f792dc71f1d53e","username":"alexander.udalov","date":"20150603T130834+0300","href":"/guestAuth/app/rest/changes/id:1765506","webUrl":"https://teamcity.jetbrains.com/viewModification.html?modId=1765506&personal=false"}]}'}
    headers:
      cache-control: [no-cache, no-store]
      connection: [keep-alive]
      content-type: [application/json]
      date: ['Sun, 07 Jun 2015 10:22:09 GMT']
      expires: ['Thu, 01 Jan 1970 00:00:00 GMT']
      pragma: [no-cache]
      server: [nginx]
      set-cookie: [TCSESSIONID=5A0D760106415079C93DD908D3D76E2E; Path=/; Secure; HttpOnly,
        'RememberMe=""; Expires=Thu, 01-Jan-1970 00:00:10 GMT; Path=/; HttpOnly']
      strict-transport-security: [max-age=31536000;]
    status: {code: 200, message: OK}
version: 1
